
> frontend@1.0.0 test
> jest

PASS components/PlanHistoryView.test.js
FAIL app/__tests__/AuthIntegration.test.js
  ● Auth Integration Flow › submits login form and redirects on success

    expect(jest.fn()).toHaveBeenCalledWith(...expected)

    Expected: "/"

    Number of calls: 0

      48 |         });
      49 |
    > 50 |         await waitFor(() => {
         |                      ^
      51 |             expect(mockReplace).toHaveBeenCalledWith('/');
      52 |         });
      53 |     });

      at Object.<anonymous> (app/__tests__/AuthIntegration.test.js:50:22)
      at asyncGeneratorStep (node_modules/@babel/runtime/helpers/asyncToGenerator.js:3:17)
      at _next (node_modules/@babel/runtime/helpers/asyncToGenerator.js:17:9)

  ● Auth Integration Flow › shows alert on login failure

    expect(jest.fn()).toHaveBeenCalledWith(...expected)

    Expected: StringContaining "Error", "Invalid credentials", Any<Array>

    Number of calls: 0

      77 |         // Error handling in Auth.js uses Alert.alert("Login Failed", error.message) or similar
      78 |         // We match any call to Alert.alert
    > 79 |         await waitFor(() => {
         |                      ^
      80 |             expect(alertSpy).toHaveBeenCalledWith(
      81 |                 expect.stringContaining('Error'), // Title typically 'Error' or 'Login Failed'
      82 |                 'Invalid credentials', // Message

      at Object.<anonymous> (app/__tests__/AuthIntegration.test.js:79:22)
      at asyncGeneratorStep (node_modules/@babel/runtime/helpers/asyncToGenerator.js:3:17)
      at _next (node_modules/@babel/runtime/helpers/asyncToGenerator.js:17:9)

FAIL ./AppRNTL.test.js
  ● App Layout Integration › redirects to Login when not logged in

    expect(jest.fn()).toHaveBeenCalledWith(...expected)

    Expected: "/login"

    Number of calls: 0

      37 |         render(<Layout />);
      38 |
    > 39 |         await waitFor(() => expect(mockReplace).toHaveBeenCalledWith('/login'));
         |                      ^
      40 |     });
      41 |
      42 |     it('redirects to Home when logged in and on auth page', async () => {

      at Object.<anonymous> (AppRNTL.test.js:39:22)
      at asyncGeneratorStep (node_modules/@babel/runtime/helpers/asyncToGenerator.js:3:17)
      at _next (node_modules/@babel/runtime/helpers/asyncToGenerator.js:17:9)
      at node_modules/@babel/runtime/helpers/asyncToGenerator.js:22:7
      at tryCallTwo (node_modules/promise/setimmediate/core.js:45:5)
      at doResolve (node_modules/promise/setimmediate/core.js:200:13)
      at new Promise (node_modules/promise/setimmediate/core.js:66:3)
      at Object.<anonymous> (node_modules/@babel/runtime/helpers/asyncToGenerator.js:14:12)

  ● App Layout Integration › redirects to Home when logged in and on auth page

    expect(jest.fn()).toHaveBeenCalledWith(...expected)

    Expected: "/"

    Number of calls: 0

      48 |         render(<Layout />);
      49 |
    > 50 |         await waitFor(() => expect(mockReplace).toHaveBeenCalledWith('/'));
         |                      ^
      51 |     });
      52 | });
      53 |

      at Object.<anonymous> (AppRNTL.test.js:50:22)
      at asyncGeneratorStep (node_modules/@babel/runtime/helpers/asyncToGenerator.js:3:17)
      at _next (node_modules/@babel/runtime/helpers/asyncToGenerator.js:17:9)
      at node_modules/@babel/runtime/helpers/asyncToGenerator.js:22:7
      at tryCallTwo (node_modules/promise/setimmediate/core.js:45:5)
      at doResolve (node_modules/promise/setimmediate/core.js:200:13)
      at new Promise (node_modules/promise/setimmediate/core.js:66:3)
      at Object.<anonymous> (node_modules/@babel/runtime/helpers/asyncToGenerator.js:14:12)

A worker process has failed to exit gracefully and has been force exited. This is likely caused by tests leaking due to improper teardown. Try running with --detectOpenHandles to find leaks. Active timers can also cause this, ensure that .unref() was called on them.
Test Suites: 2 failed, 1 passed, 3 total
Tests:       4 failed, 2 passed, 6 total
Snapshots:   0 total
Time:        3.128 s, estimated 5 s
Ran all test suites.
